execve("/bin/touch", ["touch", "test.txt"], [/* 35 vars */]) = 0
brk(0)                                  = 0x9fb4000
mmap2(NULL, 4096, PROT_READ|PROT_WRITE, MAP_PRIVATE|MAP_ANONYMOUS, -1, 0) = 0xb7f9f000
access("/etc/ld.so.preload", R_OK)      = -1 ENOENT (No such file or directory)
open("/etc/ld.so.cache", O_RDONLY)      = 3
fstat64(3, {st_mode=S_IFREG|0644, st_size=43423, ...}) = 0
mmap2(NULL, 43423, PROT_READ, MAP_PRIVATE, 3, 0) = 0xb7f94000
close(3)                                = 0
open("/lib/librt.so.1", O_RDONLY)       = 3
read(3, "\177ELF\1\1\1\0\0\0\0\0\0\0\0\0\3\0\3\0\1\0\0\0\200\330"..., 512) = 512
fstat64(3, {st_mode=S_IFREG|0755, st_size=44100, ...}) = 0
mmap2(0x4a3bc000, 33356, PROT_READ|PROT_EXEC, MAP_PRIVATE|MAP_DENYWRITE, 3, 0) = 0x4a3bc000
mmap2(0x4a3c3000, 8192, PROT_READ|PROT_WRITE, MAP_PRIVATE|MAP_FIXED|MAP_DENYWRITE, 3, 0x6) = 0x4a3c3000
close(3)                                = 0
open("/lib/libc.so.6", O_RDONLY)        = 3
read(3, "\177ELF\1\1\1\0\0\0\0\0\0\0\0\0\3\0\3\0\1\0\0\0000_#J4"..., 512) = 512
fstat64(3, {st_mode=S_IFREG|0755, st_size=1576952, ...}) = 0
mmap2(0x4a220000, 1295780, PROT_READ|PROT_EXEC, MAP_PRIVATE|MAP_DENYWRITE, 3, 0) = 0x4a220000
mmap2(0x4a357000, 12288, PROT_READ|PROT_WRITE, MAP_PRIVATE|MAP_FIXED|MAP_DENYWRITE, 3, 0x137) = 0x4a357000
mmap2(0x4a35a000, 9636, PROT_READ|PROT_WRITE, MAP_PRIVATE|MAP_FIXED|MAP_ANONYMOUS, -1, 0) = 0x4a35a000
close(3)                                = 0
open("/lib/libpthread.so.0", O_RDONLY)  = 3
read(3, "\177ELF\1\1\1\0\0\0\0\0\0\0\0\0\3\0\3\0\1\0\0\0\320\'9"..., 512) = 512
fstat64(3, {st_mode=S_IFREG|0755, st_size=125576, ...}) = 0
mmap2(0x4a38e000, 90592, PROT_READ|PROT_EXEC, MAP_PRIVATE|MAP_DENYWRITE, 3, 0) = 0x4a38e000
mmap2(0x4a3a1000, 8192, PROT_READ|PROT_WRITE, MAP_PRIVATE|MAP_FIXED|MAP_DENYWRITE, 3, 0x12) = 0x4a3a1000
mmap2(0x4a3a3000, 4576, PROT_READ|PROT_WRITE, MAP_PRIVATE|MAP_FIXED|MAP_ANONYMOUS, -1, 0) = 0x4a3a3000
close(3)                                = 0
mmap2(NULL, 4096, PROT_READ|PROT_WRITE, MAP_PRIVATE|MAP_ANONYMOUS, -1, 0) = 0xb7f93000
set_thread_area({entry_number:-1 -> 6, base_addr:0xb7f93ab0, limit:1048575, seg_32bit:1, contents:0, read_exec_only:0, limit_in_pages:1, seg_not_present:0, useable:1}) = 0
mprotect(0x4a3c3000, 4096, PROT_READ)   = 0
mprotect(0x4a357000, 8192, PROT_READ)   = 0
mprotect(0x4a3a1000, 4096, PROT_READ)   = 0
mprotect(0x4a21c000, 4096, PROT_READ)   = 0
munmap(0xb7f94000, 43423)               = 0
set_tid_address(0xb7f93af8)             = 3201
set_robust_list(0xb7f93b00, 0xc)        = 0
rt_sigaction(SIGRTMIN, {0x4a3923b0, [], SA_SIGINFO}, NULL, 8) = 0
rt_sigaction(SIGRT_1, {0x4a3922c0, [], SA_RESTART|SA_SIGINFO}, NULL, 8) = 0
rt_sigprocmask(SIG_UNBLOCK, [RTMIN RT_1], NULL, 8) = 0
getrlimit(RLIMIT_STACK, {rlim_cur=10240*1024, rlim_max=RLIM_INFINITY}) = 0
uname({sys="Linux", node="localhost.localdomain", ...}) = 0
brk(0)                                  = 0x9fb4000
brk(0x9fd5000)                          = 0x9fd5000
open("/usr/lib/locale/locale-archive", O_RDONLY|O_LARGEFILE) = 3
fstat64(3, {st_mode=S_IFREG|0644, st_size=55574128, ...}) = 0
mmap2(NULL, 2097152, PROT_READ, MAP_PRIVATE, 3, 0) = 0xb7d93000
close(3)                                = 0
close(0)                                = 0
open("test.txt", O_WRONLY|O_CREAT|O_NOCTTY|O_NONBLOCK|O_LARGEFILE, 0666) = 0
utimes("/proc/self/fd/0", NULL)         = 0
close(0)                                = 0
close(1)                                = 0
exit_group(0)                           = ?
Process 3201 detached
